--------- beginning of main
10-06 16:28:24.434 27609 27666 I FocusProbe: diopters=-1.0 af_state=1 lens_state=1
10-06 16:28:24.693 27609 27647 I FocusProbe: diopters=-1.0 af_state=1 lens_state=0
10-06 16:28:24.968 27609 27647 I FocusProbe: diopters=-1.0 af_state=1 lens_state=0
10-06 16:28:25.233 27609 27666 I FocusProbe: diopters=-1.0 af_state=1 lens_state=0
10-06 16:28:25.497 27609 27665 I FocusProbe: diopters=0.25157234 af_state=6 lens_state=0
10-06 16:28:25.770 27609 27665 I FocusProbe: diopters=0.25157234 af_state=1 lens_state=0
10-06 16:28:26.031 27609 27647 I FocusProbe: diopters=0.25157234 af_state=6 lens_state=0
10-06 16:28:26.302 27609 27665 I FocusProbe: diopters=0.25157234 af_state=6 lens_state=0
10-06 16:28:26.566 27609 27665 I FocusProbe: diopters=0.25157234 af_state=6 lens_state=0
10-06 16:28:26.830 27609 27665 I FocusProbe: diopters=0.25157234 af_state=6 lens_state=0
10-06 16:28:27.097 27609 27665 I FocusProbe: diopters=0.25157234 af_state=6 lens_state=0
10-06 16:28:27.368 27609 27647 I FocusProbe: diopters=0.25157234 af_state=6 lens_state=0
10-06 16:28:27.639 27609 27666 I FocusProbe: diopters=0.25157234 af_state=6 lens_state=0
10-06 16:28:27.907 27609 27647 I FocusProbe: diopters=0.25157234 af_state=6 lens_state=0
10-06 16:28:28.170 27609 27647 I FocusProbe: diopters=0.25157234 af_state=6 lens_state=0
10-06 16:28:28.434 27609 27647 I FocusProbe: diopters=0.25157234 af_state=6 lens_state=0
10-06 16:28:28.698 27609 27666 I FocusProbe: diopters=0.25157234 af_state=6 lens_state=0
10-06 16:28:28.966 27609 27666 I FocusProbe: diopters=0.25157234 af_state=6 lens_state=0
10-06 16:28:29.239 27609 27647 I FocusProbe: diopters=0.25157234 af_state=6 lens_state=0
10-06 16:28:29.506 27609 27665 I FocusProbe: diopters=0.25157234 af_state=6 lens_state=0
10-06 16:28:29.775 27609 27666 I FocusProbe: diopters=0.25157234 af_state=6 lens_state=0
10-06 16:28:30.032 27609 27665 I FocusProbe: diopters=0.25157234 af_state=6 lens_state=0
10-06 16:28:30.299 27609 27667 I FocusProbe: diopters=0.25157234 af_state=6 lens_state=0
10-06 16:28:30.568 27609 27665 I FocusProbe: diopters=0.25157234 af_state=6 lens_state=0
10-06 16:28:30.838 27609 27665 I FocusProbe: diopters=0.25157234 af_state=6 lens_state=0
10-06 16:28:31.107 27609 27665 I FocusProbe: diopters=0.25157234 af_state=6 lens_state=0
10-06 16:28:31.369 27609 27665 I FocusProbe: diopters=0.25157234 af_state=6 lens_state=0
10-06 16:28:31.637 27609 27666 I FocusProbe: diopters=0.25157234 af_state=6 lens_state=0
10-06 16:28:31.907 27609 27665 I FocusProbe: diopters=0.25157234 af_state=6 lens_state=0
10-06 16:28:32.174 27609 27666 I FocusProbe: diopters=0.25157234 af_state=6 lens_state=0
10-06 16:28:32.439 27609 27666 I FocusProbe: diopters=0.25157234 af_state=6 lens_state=0
10-06 16:28:32.702 27609 27666 I FocusProbe: diopters=0.25157234 af_state=6 lens_state=0
10-06 16:28:32.965 27609 27665 I FocusProbe: diopters=0.25157234 af_state=6 lens_state=0
10-06 16:28:33.242 27609 27666 I FocusProbe: diopters=0.25157234 af_state=6 lens_state=0
10-06 16:28:33.493 27609 27665 I FocusProbe: diopters=0.25157234 af_state=6 lens_state=0
10-06 16:28:33.775 27609 27667 I FocusProbe: diopters=0.25157234 af_state=6 lens_state=0
10-06 16:28:34.036 27609 27665 I FocusProbe: diopters=0.25157234 af_state=6 lens_state=0
10-06 16:28:34.306 27609 27665 I FocusProbe: diopters=0.25157234 af_state=6 lens_state=0
10-06 16:28:34.571 27609 27647 I FocusProbe: diopters=0.25157234 af_state=6 lens_state=0
10-06 16:28:34.831 27609 27667 I FocusProbe: diopters=0.25157234 af_state=6 lens_state=0
10-06 16:28:35.097 27609 27665 I FocusProbe: diopters=0.25157234 af_state=6 lens_state=0
10-06 16:28:35.370 27609 27667 I FocusProbe: diopters=0.25157234 af_state=6 lens_state=0
10-06 16:28:35.633 27609 27667 I FocusProbe: diopters=0.25157234 af_state=6 lens_state=0
10-06 16:28:35.897 27609 27647 I FocusProbe: diopters=0.25157234 af_state=6 lens_state=0
10-06 16:28:36.166 27609 27667 I FocusProbe: diopters=0.25157234 af_state=6 lens_state=0
10-06 16:28:36.438 27609 27665 I FocusProbe: diopters=0.25157234 af_state=6 lens_state=0
10-06 16:28:36.700 27609 27667 I FocusProbe: diopters=0.25157234 af_state=6 lens_state=0
10-06 16:28:36.966 27609 27667 I FocusProbe: diopters=0.25157234 af_state=6 lens_state=0
10-06 16:28:37.228 27609 27665 I FocusProbe: diopters=0.25157234 af_state=6 lens_state=0
10-06 16:28:37.500 27609 27647 I FocusProbe: diopters=0.25157234 af_state=6 lens_state=0
10-06 16:28:37.764 27609 27666 I FocusProbe: diopters=0.25157234 af_state=6 lens_state=0
10-06 16:28:38.028 27609 27667 I FocusProbe: diopters=0.25157234 af_state=6 lens_state=0
10-06 16:28:38.298 27609 27665 I FocusProbe: diopters=0.25157234 af_state=6 lens_state=0
10-06 16:28:38.571 27609 27666 I FocusProbe: diopters=0.25157234 af_state=6 lens_state=0
10-06 16:28:38.828 27609 27665 I FocusProbe: diopters=0.25157234 af_state=6 lens_state=0
10-06 16:28:39.099 27609 27647 I FocusProbe: diopters=0.25157234 af_state=6 lens_state=0
10-06 16:28:39.361 27609 27647 I FocusProbe: diopters=0.25157234 af_state=6 lens_state=0
10-06 16:28:39.632 27609 27666 I FocusProbe: diopters=0.25157234 af_state=6 lens_state=0
10-06 16:28:39.896 27609 27647 I FocusProbe: diopters=0.25157234 af_state=6 lens_state=0
10-06 16:28:40.169 27609 27666 I FocusProbe: diopters=0.25157234 af_state=6 lens_state=0
10-06 16:28:40.431 27609 27666 I FocusProbe: diopters=0.25157234 af_state=6 lens_state=0
10-06 16:28:40.700 27609 27665 I FocusProbe: diopters=0.25157234 af_state=6 lens_state=0
10-06 16:28:40.968 27609 27647 I FocusProbe: diopters=0.25157234 af_state=6 lens_state=0
10-06 16:28:41.228 27609 27666 I FocusProbe: diopters=0.25157234 af_state=6 lens_state=0
10-06 16:28:41.498 27609 27666 I FocusProbe: diopters=0.25157234 af_state=6 lens_state=0
10-06 16:28:41.761 27609 27667 I FocusProbe: diopters=0.25157234 af_state=6 lens_state=0
10-06 16:28:42.012 27609 27666 I FocusProbe: diopters=0.25157234 af_state=6 lens_state=0
10-06 16:28:42.280 27609 27667 I FocusProbe: diopters=0.7278021 af_state=6 lens_state=1
10-06 16:28:42.548 27609 27647 I FocusProbe: diopters=1.8214936 af_state=6 lens_state=0
10-06 16:28:42.585 27609 27609 I FocusProbe: tap at 576,1086
10-06 16:28:42.815 27609 27647 I FocusProbe: diopters=2.8248587 af_state=0 lens_state=0
10-06 16:28:43.085 27609 27665 I FocusProbe: diopters=2.5316455 af_state=3 lens_state=1
10-06 16:28:43.342 27609 27647 I FocusProbe: diopters=2.5316455 af_state=4 lens_state=0
10-06 16:28:43.612 27609 27667 I FocusProbe: diopters=2.5316455 af_state=4 lens_state=0
10-06 16:28:43.880 27609 27647 I FocusProbe: diopters=2.5316455 af_state=4 lens_state=0
10-06 16:28:44.146 27609 27647 I FocusProbe: diopters=2.5316455 af_state=4 lens_state=0
10-06 16:28:44.412 27609 27647 I FocusProbe: diopters=2.5316455 af_state=4 lens_state=0
10-06 16:28:44.676 27609 27647 I FocusProbe: diopters=2.5316455 af_state=4 lens_state=0
10-06 16:28:44.941 27609 27647 I FocusProbe: diopters=2.5316455 af_state=4 lens_state=0
10-06 16:28:45.209 27609 27667 I FocusProbe: diopters=2.5316455 af_state=4 lens_state=0
10-06 16:28:45.486 27609 27666 I FocusProbe: diopters=2.5316455 af_state=4 lens_state=0
10-06 16:28:45.748 27609 27647 I FocusProbe: diopters=2.5316455 af_state=4 lens_state=0
10-06 16:28:46.017 27609 27667 I FocusProbe: diopters=2.5316455 af_state=4 lens_state=0
10-06 16:28:46.279 27609 27666 I FocusProbe: diopters=2.5316455 af_state=4 lens_state=0
10-06 16:28:46.548 27609 27665 I FocusProbe: diopters=2.5316455 af_state=4 lens_state=0
10-06 16:28:46.813 27609 27667 I FocusProbe: diopters=2.5316455 af_state=4 lens_state=0
10-06 16:28:47.080 27609 27647 I FocusProbe: diopters=2.5316455 af_state=4 lens_state=0
10-06 16:28:47.329 27609 27667 I FocusProbe: diopters=2.5316455 af_state=4 lens_state=0
10-06 16:28:47.604 27609 27647 I FocusProbe: diopters=2.5316455 af_state=4 lens_state=0
10-06 16:28:47.863 27609 27647 I FocusProbe: diopters=2.6041665 af_state=0 lens_state=1
10-06 16:28:48.135 27609 27665 I FocusProbe: diopters=10.0 af_state=0 lens_state=0
10-06 16:28:48.402 27609 27647 I FocusProbe: diopters=10.0 af_state=0 lens_state=0
10-06 16:28:48.672 27609 27666 I FocusProbe: diopters=10.0 af_state=0 lens_state=0
10-06 16:28:48.931 27609 27647 I FocusProbe: diopters=10.0 af_state=0 lens_state=0
10-06 16:28:49.212 27609 27666 I FocusProbe: diopters=10.0 af_state=0 lens_state=1
10-06 16:28:49.470 27609 27667 I FocusProbe: diopters=9.708737 af_state=0 lens_state=1
10-06 16:28:49.731 27609 27665 I FocusProbe: diopters=8.474576 af_state=0 lens_state=1
10-06 16:28:50.004 27609 27667 I FocusProbe: diopters=8.196721 af_state=0 lens_state=0
10-06 16:28:50.269 27609 27666 I FocusProbe: diopters=7.874016 af_state=0 lens_state=1
10-06 16:28:50.541 27609 27666 I FocusProbe: diopters=7.6923075 af_state=1 lens_state=1
10-06 16:28:50.799 27609 27667 I FocusProbe: diopters=7.874016 af_state=2 lens_state=1
10-06 16:28:51.069 27609 27666 I FocusProbe: diopters=10.0 af_state=2 lens_state=0
10-06 16:28:51.336 27609 27667 I FocusProbe: diopters=10.0 af_state=2 lens_state=1
10-06 16:28:51.603 27609 27667 I FocusProbe: diopters=10.0 af_state=2 lens_state=1
10-06 16:28:51.880 27609 27666 I FocusProbe: diopters=10.0 af_state=2 lens_state=0
10-06 16:28:52.137 27609 27647 I FocusProbe: diopters=10.0 af_state=2 lens_state=0
10-06 16:28:52.404 27609 27647 I FocusProbe: diopters=10.0 af_state=2 lens_state=0
10-06 16:28:52.670 27609 27647 I FocusProbe: diopters=10.0 af_state=2 lens_state=0
10-06 16:28:52.944 27609 27666 I FocusProbe: diopters=10.0 af_state=1 lens_state=0
10-06 16:28:53.208 27609 27666 I FocusProbe: diopters=10.0 af_state=1 lens_state=0
10-06 16:28:53.475 27609 27667 I FocusProbe: diopters=8.333333 af_state=1 lens_state=1
10-06 16:28:53.750 27609 27666 I FocusProbe: diopters=3.9215686 af_state=1 lens_state=1
10-06 16:28:54.010 27609 27666 I FocusProbe: diopters=0.25157234 af_state=6 lens_state=0
10-06 16:28:54.283 27609 27667 I FocusProbe: diopters=0.25157234 af_state=6 lens_state=0
10-06 16:28:54.549 27609 27665 I FocusProbe: diopters=0.25157234 af_state=6 lens_state=0
10-06 16:28:54.813 27609 27667 I FocusProbe: diopters=0.25157234 af_state=6 lens_state=0
10-06 16:28:55.076 27609 27667 I FocusProbe: diopters=0.25157234 af_state=6 lens_state=0
10-06 16:28:55.348 27609 27665 I FocusProbe: diopters=0.25157234 af_state=6 lens_state=0
10-06 16:28:55.606 27609 27666 I FocusProbe: diopters=0.25157234 af_state=6 lens_state=0
10-06 16:28:55.879 27609 27666 I FocusProbe: diopters=0.25157234 af_state=6 lens_state=0
10-06 16:28:56.151 27609 27666 I FocusProbe: diopters=0.25157234 af_state=6 lens_state=0
10-06 16:28:56.409 27609 27665 I FocusProbe: diopters=0.25157234 af_state=6 lens_state=0
10-06 16:28:56.675 27609 27666 I FocusProbe: diopters=0.25157234 af_state=6 lens_state=0
10-06 16:28:56.945 27609 27665 I FocusProbe: diopters=0.25157234 af_state=6 lens_state=0
10-06 16:28:57.213 27609 27666 I FocusProbe: diopters=0.25157234 af_state=6 lens_state=0
10-06 16:28:57.480 27609 27667 I FocusProbe: diopters=0.25157234 af_state=6 lens_state=0
10-06 16:28:57.745 27609 27665 I FocusProbe: diopters=0.25157234 af_state=6 lens_state=0
10-06 16:28:58.012 27609 27647 I FocusProbe: diopters=0.25157234 af_state=6 lens_state=0
10-06 16:28:58.271 27609 27666 I FocusProbe: diopters=0.25157234 af_state=6 lens_state=0
10-06 16:28:58.540 27609 27647 I FocusProbe: diopters=0.25157234 af_state=6 lens_state=0
10-06 16:28:58.809 27609 27667 I FocusProbe: diopters=0.25157234 af_state=6 lens_state=0
10-06 16:28:59.079 27609 27647 I FocusProbe: diopters=0.25157234 af_state=6 lens_state=0
10-06 16:28:59.344 27609 27647 I FocusProbe: diopters=0.25157234 af_state=6 lens_state=0
10-06 16:28:59.612 27609 27647 I FocusProbe: diopters=0.25157234 af_state=6 lens_state=0
10-06 16:28:59.877 27609 27667 I FocusProbe: diopters=0.25157234 af_state=6 lens_state=0
10-06 16:29:00.153 27609 27666 I FocusProbe: diopters=0.25157234 af_state=6 lens_state=0
10-06 16:29:00.420 27609 27647 I FocusProbe: diopters=1.3986014 af_state=6 lens_state=1
10-06 16:29:00.687 27609 27647 I FocusProbe: diopters=1.6233766 af_state=6 lens_state=0
10-06 16:29:01.482 27609 27667 I FocusProbe: diopters=1.2254902 af_state=2 lens_state=0
10-06 16:29:01.754 27609 27667 I FocusProbe: diopters=0.877193 af_state=2 lens_state=1
10-06 16:29:02.017 27609 27647 I FocusProbe: diopters=0.80256826 af_state=2 lens_state=1
10-06 16:29:02.284 27609 27667 I FocusProbe: diopters=0.77760494 af_state=2 lens_state=0
10-06 16:29:02.550 27609 27666 I FocusProbe: diopters=0.7278021 af_state=2 lens_state=1
10-06 16:29:02.816 27609 27647 I FocusProbe: diopters=0.7278021 af_state=2 lens_state=0
10-06 16:29:03.082 27609 27667 I FocusProbe: diopters=0.70274067 af_state=2 lens_state=0
10-06 16:29:03.357 27609 27665 I FocusProbe: diopters=0.70274067 af_state=2 lens_state=0
10-06 16:29:03.624 27609 27647 I FocusProbe: diopters=1.3245033 af_state=2 lens_state=1
10-06 16:29:03.889 27609 27667 I FocusProbe: diopters=1.6474464 af_state=2 lens_state=0
10-06 16:29:04.154 27609 27665 I FocusProbe: diopters=1.026694 af_state=2 lens_state=1
10-06 16:29:04.428 27609 27666 I FocusProbe: diopters=0.5025126 af_state=2 lens_state=0
10-06 16:29:04.696 27609 27647 I FocusProbe: diopters=0.452284 af_state=2 lens_state=1
10-06 16:29:04.961 27609 27665 I FocusProbe: diopters=0.47732696 af_state=2 lens_state=0
10-06 16:29:05.230 27609 27666 I FocusProbe: diopters=2.1881838 af_state=2 lens_state=1
10-06 16:29:05.484 27609 27666 I FocusProbe: diopters=2.65252 af_state=2 lens_state=0
10-06 16:29:05.766 27609 27647 I FocusProbe: diopters=2.7777777 af_state=2 lens_state=1
10-06 16:29:06.031 27609 27665 I FocusProbe: diopters=3.0211482 af_state=2 lens_state=1
10-06 16:29:06.289 27609 27665 I FocusProbe: diopters=3.717472 af_state=2 lens_state=0
10-06 16:29:06.572 27609 27647 I FocusProbe: diopters=1.9920318 af_state=2 lens_state=1
10-06 16:29:06.832 27609 27647 I FocusProbe: diopters=0.90252703 af_state=2 lens_state=1
10-06 16:29:07.101 27609 27666 I FocusProbe: diopters=0.60240966 af_state=2 lens_state=0
10-06 16:29:07.366 27609 27665 I FocusProbe: diopters=0.452284 af_state=2 lens_state=0
10-06 16:29:07.632 27609 27667 I FocusProbe: diopters=0.20132877 af_state=2 lens_state=1
10-06 16:29:07.902 27609 27667 I FocusProbe: diopters=0.20132877 af_state=2 lens_state=0
10-06 16:29:08.165 27609 27665 I FocusProbe: diopters=0.8525149 af_state=2 lens_state=1
10-06 16:29:08.439 27609 27665 I FocusProbe: diopters=1.8939394 af_state=2 lens_state=1
10-06 16:29:08.696 27609 27666 I FocusProbe: diopters=0.5524862 af_state=2 lens_state=0
10-06 16:29:08.966 27609 27665 I FocusProbe: diopters=0.6277464 af_state=2 lens_state=0
10-06 16:29:09.229 27609 27665 I FocusProbe: diopters=0.8525149 af_state=2 lens_state=1
10-06 16:29:09.505 27609 27667 I FocusProbe: diopters=1.4492754 af_state=2 lens_state=1
10-06 16:29:09.779 27609 27647 I FocusProbe: diopters=1.5974442 af_state=2 lens_state=0
10-06 16:29:10.037 27609 27666 I FocusProbe: diopters=1.0764263 af_state=2 lens_state=0
10-06 16:29:10.307 27609 27667 I FocusProbe: diopters=1.3986014 af_state=2 lens_state=1
10-06 16:29:10.574 27609 27665 I FocusProbe: diopters=0.4022526 af_state=2 lens_state=0
10-06 16:29:10.837 27609 27667 I FocusProbe: diopters=0.4022526 af_state=2 lens_state=0
10-06 16:29:11.101 27609 27647 I FocusProbe: diopters=0.452284 af_state=2 lens_state=1
10-06 16:29:11.362 27609 27667 I FocusProbe: diopters=4.5662103 af_state=2 lens_state=1
10-06 16:29:11.631 27609 27666 I FocusProbe: diopters=8.849557 af_state=2 lens_state=1
10-06 16:29:11.901 27609 27665 I FocusProbe: diopters=8.849557 af_state=2 lens_state=0
10-06 16:29:12.213 27609 27667 I FocusProbe: diopters=8.849557 af_state=2 lens_state=0
10-06 16:29:12.475 27609 27667 I FocusProbe: diopters=8.849557 af_state=2 lens_state=0
10-06 16:29:12.738 27609 27667 I FocusProbe: diopters=8.849557 af_state=2 lens_state=0
10-06 16:29:13.014 27609 27665 I FocusProbe: diopters=8.849557 af_state=2 lens_state=0
10-06 16:29:13.272 27609 27665 I FocusProbe: diopters=8.849557 af_state=2 lens_state=0
10-06 16:29:13.536 27609 27666 I FocusProbe: diopters=8.849557 af_state=2 lens_state=0
10-06 16:29:13.802 27609 27647 I FocusProbe: diopters=8.849557 af_state=1 lens_state=0
10-06 16:29:14.071 27609 27666 I FocusProbe: diopters=8.849557 af_state=1 lens_state=0
10-06 16:29:14.345 27609 27665 I FocusProbe: diopters=4.464286 af_state=1 lens_state=1
10-06 16:29:14.606 27609 27665 I FocusProbe: diopters=0.25157234 af_state=1 lens_state=0
10-06 16:29:14.873 27609 27666 I FocusProbe: diopters=0.25157234 af_state=6 lens_state=0
10-06 16:29:15.132 27609 27667 I FocusProbe: diopters=0.25157234 af_state=6 lens_state=0
10-06 16:29:15.405 27609 27666 I FocusProbe: diopters=0.25157234 af_state=6 lens_state=0
10-06 16:29:15.666 27609 27665 I FocusProbe: diopters=0.25157234 af_state=6 lens_state=0
10-06 16:29:15.941 27609 27665 I FocusProbe: diopters=0.25157234 af_state=6 lens_state=0
10-06 16:29:16.203 27609 27666 I FocusProbe: diopters=0.25157234 af_state=6 lens_state=0
10-06 16:29:16.461 27609 27667 I FocusProbe: diopters=0.25157234 af_state=6 lens_state=0
10-06 16:29:16.733 27609 27667 I FocusProbe: diopters=0.25157234 af_state=6 lens_state=0
10-06 16:29:17.005 27609 27665 I FocusProbe: diopters=0.25157234 af_state=6 lens_state=0
10-06 16:29:17.276 27609 27667 I FocusProbe: diopters=0.25157234 af_state=6 lens_state=0
10-06 16:29:17.538 27609 27665 I FocusProbe: diopters=0.25157234 af_state=6 lens_state=0
10-06 16:29:17.806 27609 27647 I FocusProbe: diopters=0.25157234 af_state=6 lens_state=0
10-06 16:29:18.068 27609 27665 I FocusProbe: diopters=0.25157234 af_state=6 lens_state=0
10-06 16:29:18.335 27609 27647 I FocusProbe: diopters=0.25157234 af_state=6 lens_state=0
10-06 16:29:18.609 27609 27665 I FocusProbe: diopters=0.25157234 af_state=6 lens_state=0
10-06 16:29:18.869 27609 27667 I FocusProbe: diopters=0.25157234 af_state=6 lens_state=0
10-06 16:29:19.143 27609 27647 I FocusProbe: diopters=0.25157234 af_state=6 lens_state=0
10-06 16:29:19.407 27609 27665 I FocusProbe: diopters=0.25157234 af_state=6 lens_state=0
10-06 16:29:19.668 27609 27667 I FocusProbe: diopters=0.25157234 af_state=6 lens_state=0
10-06 16:29:19.943 27609 27666 I FocusProbe: diopters=0.25157234 af_state=6 lens_state=0
10-06 16:29:20.202 27609 27665 I FocusProbe: diopters=0.25157234 af_state=6 lens_state=0
10-06 16:29:20.469 27609 27647 I FocusProbe: diopters=0.25157234 af_state=6 lens_state=0
10-06 16:29:20.732 27609 27665 I FocusProbe: diopters=0.25157234 af_state=6 lens_state=0
10-06 16:29:21.006 27609 27666 I FocusProbe: diopters=0.25157234 af_state=6 lens_state=0
10-06 16:29:21.267 27609 27665 I FocusProbe: diopters=0.25157234 af_state=6 lens_state=0
10-06 16:29:21.538 27609 27667 I FocusProbe: diopters=0.25157234 af_state=6 lens_state=0
10-06 16:29:21.803 27609 27667 I FocusProbe: diopters=0.25157234 af_state=6 lens_state=0
10-06 16:29:22.069 27609 27666 I FocusProbe: diopters=0.25157234 af_state=6 lens_state=0
10-06 16:29:22.330 27609 27647 I FocusProbe: diopters=0.25157234 af_state=6 lens_state=0
10-06 16:29:22.596 27609 27665 I FocusProbe: diopters=0.25157234 af_state=6 lens_state=0
10-06 16:29:22.865 27609 27666 I FocusProbe: diopters=0.25157234 af_state=6 lens_state=0
10-06 16:29:23.128 27609 27667 I FocusProbe: diopters=0.25157234 af_state=6 lens_state=0
10-06 16:29:23.398 27609 27666 I FocusProbe: diopters=0.25157234 af_state=6 lens_state=0
10-06 16:29:23.668 27609 27647 I FocusProbe: diopters=0.25157234 af_state=6 lens_state=0
10-06 16:29:23.934 27609 27665 I FocusProbe: diopters=0.25157234 af_state=6 lens_state=0
10-06 16:29:24.203 27609 27666 I FocusProbe: diopters=0.25157234 af_state=6 lens_state=0
10-06 16:29:24.472 27609 27665 I FocusProbe: diopters=0.25157234 af_state=6 lens_state=0
10-06 16:29:24.732 27609 27666 I FocusProbe: diopters=0.25157234 af_state=6 lens_state=0
10-06 16:29:25.006 27609 27647 I FocusProbe: diopters=0.25157234 af_state=6 lens_state=0
10-06 16:29:25.274 27609 27667 I FocusProbe: diopters=0.25157234 af_state=6 lens_state=0
10-06 16:29:25.533 27609 27666 I FocusProbe: diopters=0.25157234 af_state=6 lens_state=0
10-06 16:29:25.805 27609 27647 I FocusProbe: diopters=0.25157234 af_state=6 lens_state=0
10-06 16:29:26.069 27609 27667 I FocusProbe: diopters=0.25157234 af_state=6 lens_state=0
10-06 16:29:26.332 27609 27667 I FocusProbe: diopters=0.25157234 af_state=6 lens_state=0
10-06 16:29:26.597 27609 27665 I FocusProbe: diopters=0.25157234 af_state=6 lens_state=0
10-06 16:29:26.866 27609 27667 I FocusProbe: diopters=0.25157234 af_state=6 lens_state=0
10-06 16:29:27.134 27609 27647 I FocusProbe: diopters=0.25157234 af_state=6 lens_state=0
10-06 16:29:27.407 27609 27665 I FocusProbe: diopters=0.25157234 af_state=6 lens_state=0
10-06 16:29:27.665 27609 27665 I FocusProbe: diopters=0.25157234 af_state=6 lens_state=0
10-06 16:29:27.933 27609 27665 I FocusProbe: diopters=0.25157234 af_state=6 lens_state=0
10-06 16:29:28.194 27609 27666 I FocusProbe: diopters=0.25157234 af_state=6 lens_state=0
10-06 16:29:28.466 27609 27666 I FocusProbe: diopters=0.25157234 af_state=6 lens_state=0
10-06 16:29:28.731 27609 27667 I FocusProbe: diopters=0.25157234 af_state=6 lens_state=0
10-06 16:29:29.003 27609 27647 I FocusProbe: diopters=0.25157234 af_state=6 lens_state=0
10-06 16:29:29.263 27609 27667 I FocusProbe: diopters=0.25157234 af_state=6 lens_state=0
10-06 16:29:29.536 27609 27665 I FocusProbe: diopters=0.25157234 af_state=6 lens_state=0
10-06 16:29:29.805 27609 27665 I FocusProbe: diopters=0.25157234 af_state=6 lens_state=0
10-06 16:29:30.062 27609 27667 I FocusProbe: diopters=0.25157234 af_state=6 lens_state=0
10-06 16:29:30.326 27609 27665 I FocusProbe: diopters=0.25157234 af_state=6 lens_state=0
10-06 16:29:30.592 27609 27666 I FocusProbe: diopters=0.25157234 af_state=6 lens_state=0
10-06 16:29:30.863 27609 27647 I FocusProbe: diopters=0.25157234 af_state=1 lens_state=0
10-06 16:29:31.127 27609 27665 I FocusProbe: diopters=0.25157234 af_state=1 lens_state=0
10-06 16:29:31.394 27609 27647 I FocusProbe: diopters=0.25157234 af_state=6 lens_state=0
10-06 16:29:31.663 27609 27647 I FocusProbe: diopters=0.25157234 af_state=6 lens_state=0
10-06 16:29:31.936 27609 27666 I FocusProbe: diopters=0.25157234 af_state=6 lens_state=0
10-06 16:29:32.193 27609 27667 I FocusProbe: diopters=0.25157234 af_state=6 lens_state=0
10-06 16:29:32.458 27609 27647 I FocusProbe: diopters=0.25157234 af_state=6 lens_state=0
10-06 16:29:32.728 27609 27666 I FocusProbe: diopters=0.25157234 af_state=6 lens_state=0
10-06 16:29:33.001 27609 27666 I FocusProbe: diopters=0.25157234 af_state=6 lens_state=0
10-06 16:29:33.263 27609 27666 I FocusProbe: diopters=0.25157234 af_state=1 lens_state=0
10-06 16:29:33.534 27609 27667 I FocusProbe: diopters=0.25157234 af_state=1 lens_state=0
10-06 16:29:33.798 27609 27667 I FocusProbe: diopters=0.25157234 af_state=6 lens_state=0
10-06 16:29:34.063 27609 27647 I FocusProbe: diopters=0.25157234 af_state=6 lens_state=0
10-06 16:29:34.321 27609 27666 I FocusProbe: diopters=0.25157234 af_state=6 lens_state=0
10-06 16:29:34.604 27609 27667 I FocusProbe: diopters=0.25157234 af_state=6 lens_state=0
10-06 16:29:34.894 27609 27666 I FocusProbe: diopters=0.25157234 af_state=6 lens_state=0
10-06 16:29:35.156 27609 27666 I FocusProbe: diopters=0.25157234 af_state=6 lens_state=0
10-06 16:29:35.427 27609 27667 I FocusProbe: diopters=4.6948357 af_state=6 lens_state=1
10-06 16:29:35.695 27609 27666 I FocusProbe: diopters=4.1841006 af_state=6 lens_state=0
10-06 16:29:36.314 27609 27647 I FocusProbe: diopters=4.032258 af_state=2 lens_state=0
10-06 16:29:36.587 27609 27667 I FocusProbe: diopters=3.0674849 af_state=2 lens_state=1
10-06 16:29:36.853 27609 27667 I FocusProbe: diopters=2.0920503 af_state=2 lens_state=1
10-06 16:29:37.124 27609 27665 I FocusProbe: diopters=1.6233766 af_state=2 lens_state=1
10-06 16:29:37.388 27609 27667 I FocusProbe: diopters=0.5524862 af_state=2 lens_state=0
10-06 16:29:37.653 27609 27666 I FocusProbe: diopters=0.5524862 af_state=2 lens_state=0
10-06 16:29:37.920 27609 27647 I FocusProbe: diopters=0.5524862 af_state=2 lens_state=0
10-06 16:29:38.185 27609 27667 I FocusProbe: diopters=1.1764706 af_state=2 lens_state=1
10-06 16:29:38.452 27609 27665 I FocusProbe: diopters=1.4992504 af_state=2 lens_state=0
10-06 16:29:38.722 27609 27665 I FocusProbe: diopters=0.877193 af_state=2 lens_state=1
10-06 16:29:38.985 27609 27666 I FocusProbe: diopters=0.7278021 af_state=2 lens_state=1
10-06 16:29:39.258 27609 27665 I FocusProbe: diopters=0.20132877 af_state=2 lens_state=0
10-06 16:29:39.533 27609 27665 I FocusProbe: diopters=1.126126 af_state=2 lens_state=1
10-06 16:29:39.794 27609 27666 I FocusProbe: diopters=1.1764706 af_state=2 lens_state=1
10-06 16:29:40.056 27609 27647 I FocusProbe: diopters=1.5723271 af_state=2 lens_state=1
10-06 16:29:40.797 27609 27647 I FocusProbe: diopters=1.7699115 af_state=2 lens_state=0
10-06 16:29:41.065 27609 27665 I FocusProbe: diopters=1.9920318 af_state=2 lens_state=1
10-06 16:29:41.341 27609 27667 I FocusProbe: diopters=1.9920318 af_state=2 lens_state=0
10-06 16:29:41.609 27609 27667 I FocusProbe: diopters=1.9920318 af_state=2 lens_state=0
10-06 16:29:41.867 27609 27667 I FocusProbe: diopters=1.9920318 af_state=2 lens_state=0
10-06 16:29:42.134 27609 27647 I FocusProbe: diopters=1.6233766 af_state=2 lens_state=1
10-06 16:29:42.409 27609 27665 I FocusProbe: diopters=1.5479877 af_state=2 lens_state=0
10-06 16:29:42.675 27609 27647 I FocusProbe: diopters=1.5479877 af_state=2 lens_state=0
10-06 16:29:42.938 27609 27665 I FocusProbe: diopters=1.472754 af_state=2 lens_state=1
10-06 16:29:43.201 27609 27666 I FocusProbe: diopters=1.4492754 af_state=2 lens_state=0
10-06 16:29:43.470 27609 27667 I FocusProbe: diopters=1.4492754 af_state=2 lens_state=0
10-06 16:29:43.741 27609 27647 I FocusProbe: diopters=1.3755158 af_state=2 lens_state=0
10-06 16:29:44.012 27609 27666 I FocusProbe: diopters=1.4492754 af_state=2 lens_state=1
10-06 16:29:44.274 27609 27667 I FocusProbe: diopters=2.4813895 af_state=2 lens_state=0
10-06 16:29:44.541 27609 27665 I FocusProbe: diopters=2.5839794 af_state=2 lens_state=0
10-06 16:29:44.809 27609 27667 I FocusProbe: diopters=2.5839794 af_state=2 lens_state=0
10-06 16:29:45.080 27609 27667 I FocusProbe: diopters=2.5839794 af_state=2 lens_state=0
10-06 16:29:45.348 27609 27647 I FocusProbe: diopters=2.1881838 af_state=2 lens_state=0
10-06 16:29:45.614 27609 27666 I FocusProbe: diopters=1.7452008 af_state=2 lens_state=1
10-06 16:29:45.876 27609 27647 I FocusProbe: diopters=1.6977928 af_state=2 lens_state=0
10-06 16:29:46.149 27609 27647 I FocusProbe: diopters=1.6977928 af_state=2 lens_state=0
10-06 16:29:46.411 27609 27665 I FocusProbe: diopters=1.6474464 af_state=2 lens_state=0
10-06 16:29:46.674 27609 27667 I FocusProbe: diopters=1.6474464 af_state=2 lens_state=0
10-06 16:29:46.943 27609 27667 I FocusProbe: diopters=1.6474464 af_state=2 lens_state=0
10-06 16:29:47.203 27609 27667 I FocusProbe: diopters=1.6474464 af_state=2 lens_state=0
10-06 16:29:47.457 27609 27666 I FocusProbe: diopters=1.6474464 af_state=2 lens_state=0
10-06 16:29:47.718 27609 27647 I FocusProbe: diopters=1.6474464 af_state=2 lens_state=0
10-06 16:29:47.970 27609 27665 I FocusProbe: diopters=1.6474464 af_state=2 lens_state=0
10-06 16:29:48.245 27609 27666 I FocusProbe: diopters=2.2624433 af_state=2 lens_state=1
10-06 16:29:48.506 27609 27667 I FocusProbe: diopters=2.2371364 af_state=1 lens_state=0
10-06 16:29:48.775 27609 27647 I FocusProbe: diopters=2.2371364 af_state=2 lens_state=0
10-06 16:29:49.045 27609 27665 I FocusProbe: diopters=2.2371364 af_state=2 lens_state=0
10-06 16:29:49.311 27609 27667 I FocusProbe: diopters=2.2371364 af_state=2 lens_state=0
10-06 16:29:49.591 27609 27666 I FocusProbe: diopters=2.1881838 af_state=2 lens_state=1
10-06 16:29:49.847 27609 27647 I FocusProbe: diopters=2.2371364 af_state=1 lens_state=1
10-06 16:29:50.114 27609 27667 I FocusProbe: diopters=2.2371364 af_state=2 lens_state=0
10-06 16:29:50.379 27609 27667 I FocusProbe: diopters=2.2371364 af_state=2 lens_state=0
10-06 16:29:50.643 27609 27665 I FocusProbe: diopters=2.2371364 af_state=2 lens_state=0
10-06 16:29:50.912 27609 27665 I FocusProbe: diopters=2.2371364 af_state=2 lens_state=0
10-06 16:29:51.174 27609 27647 I FocusProbe: diopters=2.2371364 af_state=2 lens_state=0
10-06 16:29:51.444 27609 27647 I FocusProbe: diopters=2.2371364 af_state=2 lens_state=0
10-06 16:29:51.711 27609 27666 I FocusProbe: diopters=2.2371364 af_state=2 lens_state=0
10-06 16:29:51.979 27609 27647 I FocusProbe: diopters=2.2371364 af_state=2 lens_state=0
10-06 16:29:52.244 27609 27667 I FocusProbe: diopters=2.2371364 af_state=2 lens_state=0
10-06 16:29:52.513 27609 27667 I FocusProbe: diopters=2.1645021 af_state=2 lens_state=1
10-06 16:29:52.776 27609 27647 I FocusProbe: diopters=2.1645021 af_state=2 lens_state=0
10-06 16:29:53.051 27609 27647 I FocusProbe: diopters=2.1645021 af_state=1 lens_state=0
10-06 16:29:53.311 27609 27667 I FocusProbe: diopters=2.1645021 af_state=2 lens_state=0
10-06 16:29:53.582 27609 27665 I FocusProbe: diopters=2.1645021 af_state=2 lens_state=0
10-06 16:29:53.848 27609 27667 I FocusProbe: diopters=2.1645021 af_state=2 lens_state=0
10-06 16:29:54.111 27609 27667 I FocusProbe: diopters=2.1645021 af_state=2 lens_state=0
10-06 16:29:54.370 27609 27667 I FocusProbe: diopters=2.1645021 af_state=2 lens_state=0
10-06 16:29:54.645 27609 27667 I FocusProbe: diopters=2.1645021 af_state=2 lens_state=0
10-06 16:29:54.911 27609 27665 I FocusProbe: diopters=2.1645021 af_state=2 lens_state=0
10-06 16:29:55.174 27609 27667 I FocusProbe: diopters=2.1645021 af_state=2 lens_state=0
10-06 16:29:55.445 27609 27667 I FocusProbe: diopters=2.1645021 af_state=2 lens_state=0
10-06 16:29:55.709 27609 27665 I FocusProbe: diopters=2.1645021 af_state=2 lens_state=0
10-06 16:29:55.973 27609 27665 I FocusProbe: diopters=2.1645021 af_state=2 lens_state=0
10-06 16:29:56.240 27609 27666 I FocusProbe: diopters=2.1141648 af_state=2 lens_state=0
10-06 16:29:56.512 27609 27647 I FocusProbe: diopters=1.9193859 af_state=2 lens_state=0
10-06 16:29:56.776 27609 27667 I FocusProbe: diopters=1.7953321 af_state=2 lens_state=0
10-06 16:29:57.039 27609 27647 I FocusProbe: diopters=1.7953321 af_state=2 lens_state=0
10-06 16:29:57.311 27609 27665 I FocusProbe: diopters=1.7953321 af_state=2 lens_state=0
10-06 16:29:57.577 27609 27667 I FocusProbe: diopters=1.7953321 af_state=2 lens_state=0
10-06 16:29:57.839 27609 27647 I FocusProbe: diopters=1.7953321 af_state=2 lens_state=0
10-06 16:29:58.114 27609 27666 I FocusProbe: diopters=1.7953321 af_state=2 lens_state=0
10-06 16:29:58.368 27609 27665 I FocusProbe: diopters=1.7953321 af_state=2 lens_state=0
10-06 16:29:58.640 27609 27647 I FocusProbe: diopters=3.0959754 af_state=2 lens_state=1
10-06 16:29:58.911 27609 27666 I FocusProbe: diopters=3.215434 af_state=2 lens_state=0
10-06 16:29:59.173 27609 27647 I FocusProbe: diopters=3.8461537 af_state=2 lens_state=1
10-06 16:29:59.440 27609 27667 I FocusProbe: diopters=3.937008 af_state=2 lens_state=0
10-06 16:29:59.709 27609 27666 I FocusProbe: diopters=3.937008 af_state=2 lens_state=0
10-06 16:29:59.976 27609 27647 I FocusProbe: diopters=2.9940119 af_state=2 lens_state=1
10-06 16:30:00.241 27609 27665 I FocusProbe: diopters=2.6809652 af_state=2 lens_state=1
10-06 16:30:00.509 27609 27647 I FocusProbe: diopters=2.2883294 af_state=2 lens_state=0
10-06 16:30:00.762 27609 27647 I FocusProbe: diopters=2.1881838 af_state=2 lens_state=0
10-06 16:30:01.037 27609 27665 I FocusProbe: diopters=2.1141648 af_state=2 lens_state=1
10-06 16:30:01.308 27609 27667 I FocusProbe: diopters=1.7953321 af_state=2 lens_state=1
10-06 16:30:01.574 27609 27667 I FocusProbe: diopters=1.968504 af_state=2 lens_state=1
10-06 16:30:01.837 27609 27667 I FocusProbe: diopters=1.9193859 af_state=2 lens_state=0
10-06 16:30:02.110 27609 27667 I FocusProbe: diopters=1.9193859 af_state=2 lens_state=0
10-06 16:30:02.373 27609 27666 I FocusProbe: diopters=1.9193859 af_state=2 lens_state=0
10-06 16:30:02.638 27609 27647 I FocusProbe: diopters=1.9193859 af_state=2 lens_state=0
10-06 16:30:02.902 27609 27665 I FocusProbe: diopters=1.8691589 af_state=2 lens_state=0
10-06 16:30:03.173 27609 27647 I FocusProbe: diopters=1.7452008 af_state=2 lens_state=0
10-06 16:30:03.433 27609 27665 I FocusProbe: diopters=1.8939394 af_state=1 lens_state=1
10-06 16:30:03.707 27609 27665 I FocusProbe: diopters=1.8691589 af_state=2 lens_state=0
10-06 16:30:03.970 27609 27666 I FocusProbe: diopters=1.8691589 af_state=2 lens_state=0
10-06 16:30:04.056 27609 27609 I FocusProbe: tap at 1190,611
10-06 16:30:04.237 27609 27665 I FocusProbe: diopters=1.8691589 af_state=2 lens_state=0
10-06 16:30:04.508 27609 27647 I FocusProbe: diopters=1.7953321 af_state=3 lens_state=0
10-06 16:30:04.771 27609 27667 I FocusProbe: diopters=1.7953321 af_state=4 lens_state=0
10-06 16:30:05.037 27609 27665 I FocusProbe: diopters=1.7953321 af_state=4 lens_state=0
10-06 16:30:05.302 27609 27665 I FocusProbe: diopters=1.7953321 af_state=4 lens_state=0
10-06 16:30:05.562 27609 27665 I FocusProbe: diopters=1.7953321 af_state=4 lens_state=0
10-06 16:30:05.837 27609 27666 I FocusProbe: diopters=1.7953321 af_state=4 lens_state=0
10-06 16:30:06.115 27609 27647 I FocusProbe: diopters=1.7953321 af_state=4 lens_state=0
10-06 16:30:06.367 27609 27666 I FocusProbe: diopters=1.7953321 af_state=4 lens_state=0
10-06 16:30:06.643 27609 27666 I FocusProbe: diopters=1.7953321 af_state=4 lens_state=0
10-06 16:30:06.906 27609 27667 I FocusProbe: diopters=1.7953321 af_state=4 lens_state=0
10-06 16:30:07.166 27609 27647 I FocusProbe: diopters=1.7953321 af_state=4 lens_state=0
10-06 16:30:07.434 27609 27665 I FocusProbe: diopters=1.7953321 af_state=4 lens_state=0
10-06 16:30:07.698 27609 27647 I FocusProbe: diopters=1.7953321 af_state=4 lens_state=0
10-06 16:30:07.974 27609 27665 I FocusProbe: diopters=1.7953321 af_state=4 lens_state=0
10-06 16:30:08.243 27609 27647 I FocusProbe: diopters=1.7953321 af_state=4 lens_state=0
10-06 16:30:08.511 27609 27647 I FocusProbe: diopters=1.7953321 af_state=4 lens_state=0
10-06 16:30:08.772 27609 27647 I FocusProbe: diopters=1.7953321 af_state=4 lens_state=0
10-06 16:30:09.037 27609 27665 I FocusProbe: diopters=1.7953321 af_state=4 lens_state=0
10-06 16:30:09.301 27609 27667 I FocusProbe: diopters=1.7953321 af_state=0 lens_state=0
10-06 16:30:09.569 27609 27647 I FocusProbe: diopters=1.8939394 af_state=0 lens_state=1
10-06 16:30:09.837 27609 27667 I FocusProbe: diopters=3.9682539 af_state=0 lens_state=1
10-06 16:30:10.102 27609 27647 I FocusProbe: diopters=3.937008 af_state=0 lens_state=1
10-06 16:30:10.269 27609 27609 I FocusProbe: tap at 1067,556
10-06 16:30:10.361 27609 27667 I FocusProbe: diopters=3.937008 af_state=0 lens_state=0
10-06 16:30:10.631 27609 27665 I FocusProbe: diopters=4.032258 af_state=3 lens_state=1
10-06 16:30:10.901 27609 27666 I FocusProbe: diopters=4.032258 af_state=4 lens_state=0
10-06 16:30:11.165 27609 27667 I FocusProbe: diopters=4.032258 af_state=4 lens_state=0
10-06 16:30:11.439 27609 27666 I FocusProbe: diopters=4.032258 af_state=4 lens_state=0
10-06 16:30:11.702 27609 27666 I FocusProbe: diopters=4.032258 af_state=4 lens_state=0
10-06 16:30:11.970 27609 27666 I FocusProbe: diopters=4.032258 af_state=4 lens_state=0
10-06 16:30:12.233 27609 27667 I FocusProbe: diopters=4.032258 af_state=4 lens_state=0
10-06 16:30:12.325 27609 27609 I FocusProbe: tap at 1080,537
10-06 16:30:12.498 27609 27647 I FocusProbe: diopters=4.032258 af_state=4 lens_state=0
10-06 16:30:12.770 27609 27665 I FocusProbe: diopters=3.9682539 af_state=3 lens_state=1
10-06 16:30:13.028 27609 27647 I FocusProbe: diopters=3.9682539 af_state=4 lens_state=0
10-06 16:30:13.299 27609 27647 I FocusProbe: diopters=3.9682539 af_state=4 lens_state=0
10-06 16:30:13.569 27609 27647 I FocusProbe: diopters=3.9682539 af_state=4 lens_state=0
10-06 16:30:13.827 27609 27667 I FocusProbe: diopters=3.9682539 af_state=4 lens_state=0
10-06 16:30:14.098 27609 27665 I FocusProbe: diopters=3.9682539 af_state=4 lens_state=0
10-06 16:30:14.368 27609 27665 I FocusProbe: diopters=3.9682539 af_state=4 lens_state=0
10-06 16:30:14.636 27609 27665 I FocusProbe: diopters=3.9682539 af_state=4 lens_state=0
10-06 16:30:14.912 27609 27666 I FocusProbe: diopters=3.9682539 af_state=4 lens_state=0
10-06 16:30:15.197 27609 27665 I FocusProbe: diopters=3.9682539 af_state=4 lens_state=0
10-06 16:30:15.464 27609 27667 I FocusProbe: diopters=3.9682539 af_state=4 lens_state=0
10-06 16:30:15.729 27609 27647 I FocusProbe: diopters=3.9682539 af_state=4 lens_state=0
10-06 16:30:16.006 27609 27647 I FocusProbe: diopters=3.9682539 af_state=4 lens_state=0
10-06 16:30:16.260 27609 27665 I FocusProbe: diopters=3.9682539 af_state=4 lens_state=0
10-06 16:30:16.535 27609 27665 I FocusProbe: diopters=3.9682539 af_state=4 lens_state=0
10-06 16:30:16.797 27609 27665 I FocusProbe: diopters=3.9682539 af_state=4 lens_state=0
10-06 16:30:16.945 27609 27609 I FocusProbe: tap at 1061,554
10-06 16:30:17.063 27609 27665 I FocusProbe: diopters=3.9682539 af_state=4 lens_state=0
10-06 16:30:17.334 27609 27667 I FocusProbe: diopters=3.8910506 af_state=3 lens_state=1
10-06 16:30:17.601 27609 27647 I FocusProbe: diopters=3.8910506 af_state=4 lens_state=0
10-06 16:30:17.858 27609 27667 I FocusProbe: diopters=3.8910506 af_state=4 lens_state=0
10-06 16:30:18.125 27609 27647 I FocusProbe: diopters=3.8910506 af_state=4 lens_state=0
10-06 16:30:18.403 27609 27665 I FocusProbe: diopters=3.8910506 af_state=4 lens_state=0
10-06 16:30:18.669 27609 27665 I FocusProbe: diopters=3.8910506 af_state=4 lens_state=0
10-06 16:30:18.936 27609 27667 I FocusProbe: diopters=3.8910506 af_state=4 lens_state=0
10-06 16:30:19.204 27609 27667 I FocusProbe: diopters=3.8910506 af_state=4 lens_state=0
10-06 16:30:19.895 27609 27666 I FocusProbe: diopters=3.8910506 af_state=2 lens_state=0
10-06 16:30:20.163 27609 27647 I FocusProbe: diopters=3.8910506 af_state=2 lens_state=0
10-06 16:30:20.446 27609 27647 I FocusProbe: diopters=3.8910506 af_state=2 lens_state=0
10-06 16:30:20.699 27609 27667 I FocusProbe: diopters=4.016064 af_state=2 lens_state=0
10-06 16:30:20.967 27609 27666 I FocusProbe: diopters=4.1152263 af_state=2 lens_state=1
10-06 16:30:21.237 27609 27647 I FocusProbe: diopters=4.1841006 af_state=2 lens_state=0
10-06 16:30:21.500 27609 27647 I FocusProbe: diopters=4.4247785 af_state=2 lens_state=1
10-06 16:30:21.769 27609 27667 I FocusProbe: diopters=4.5454545 af_state=2 lens_state=0
10-06 16:30:22.037 27609 27666 I FocusProbe: diopters=4.5454545 af_state=2 lens_state=0
10-06 16:30:22.300 27609 27667 I FocusProbe: diopters=4.5662103 af_state=2 lens_state=0
10-06 16:30:22.568 27609 27647 I FocusProbe: diopters=4.5454545 af_state=1 lens_state=0
10-06 16:30:22.840 27609 27666 I FocusProbe: diopters=4.5454545 af_state=2 lens_state=0
10-06 16:30:23.108 27609 27666 I FocusProbe: diopters=4.5454545 af_state=2 lens_state=0
10-06 16:30:23.376 27609 27647 I FocusProbe: diopters=4.5454545 af_state=2 lens_state=0
10-06 16:30:23.649 27609 27666 I FocusProbe: diopters=4.5454545 af_state=2 lens_state=0
10-06 16:30:23.906 27609 27666 I FocusProbe: diopters=4.5454545 af_state=2 lens_state=0
10-06 16:30:24.170 27609 27667 I FocusProbe: diopters=4.5454545 af_state=2 lens_state=0
10-06 16:30:24.438 27609 27666 I FocusProbe: diopters=4.5454545 af_state=2 lens_state=0
10-06 16:30:24.703 27609 27666 I FocusProbe: diopters=4.5454545 af_state=2 lens_state=0
10-06 16:30:24.972 27609 27666 I FocusProbe: diopters=4.5454545 af_state=2 lens_state=0
10-06 16:30:25.238 27609 27666 I FocusProbe: diopters=4.5454545 af_state=2 lens_state=0
10-06 16:30:25.505 27609 27667 I FocusProbe: diopters=4.5454545 af_state=2 lens_state=0
10-06 16:30:25.769 27609 27667 I FocusProbe: diopters=4.5454545 af_state=2 lens_state=0
10-06 16:30:26.035 27609 27666 I FocusProbe: diopters=4.5454545 af_state=2 lens_state=0
10-06 16:30:26.303 27609 27665 I FocusProbe: diopters=4.4444447 af_state=2 lens_state=1
10-06 16:30:26.577 27609 27667 I FocusProbe: diopters=3.4602077 af_state=2 lens_state=0
10-06 16:30:26.843 27609 27667 I FocusProbe: diopters=3.215434 af_state=2 lens_state=0
10-06 16:30:27.103 27609 27647 I FocusProbe: diopters=2.849003 af_state=2 lens_state=0
10-06 16:30:27.368 27609 27665 I FocusProbe: diopters=2.5316455 af_state=2 lens_state=1
10-06 16:30:27.636 27609 27667 I FocusProbe: diopters=2.2883294 af_state=2 lens_state=1
10-06 16:30:27.910 27609 27667 I FocusProbe: diopters=2.1881838 af_state=2 lens_state=0
10-06 16:30:28.161 27609 27665 I FocusProbe: diopters=1.968504 af_state=2 lens_state=0
10-06 16:30:28.434 27609 27667 I FocusProbe: diopters=1.8939394 af_state=2 lens_state=0
10-06 16:30:28.706 27609 27666 I FocusProbe: diopters=1.8939394 af_state=2 lens_state=0
10-06 16:30:28.973 27609 27667 I FocusProbe: diopters=1.7953321 af_state=2 lens_state=0
10-06 16:30:29.239 27609 27667 I FocusProbe: diopters=1.6722409 af_state=2 lens_state=0
10-06 16:30:29.502 27609 27667 I FocusProbe: diopters=1.6722409 af_state=2 lens_state=0
10-06 16:30:29.767 27609 27666 I FocusProbe: diopters=1.6722409 af_state=2 lens_state=0
10-06 16:30:30.033 27609 27647 I FocusProbe: diopters=1.6722409 af_state=2 lens_state=0
10-06 16:30:30.301 27609 27667 I FocusProbe: diopters=1.6722409 af_state=2 lens_state=0
10-06 16:30:30.566 27609 27647 I FocusProbe: diopters=1.6722409 af_state=2 lens_state=0
10-06 16:30:30.835 27609 27667 I FocusProbe: diopters=1.8450184 af_state=1 lens_state=1
10-06 16:30:31.099 27609 27667 I FocusProbe: diopters=1.8939394 af_state=2 lens_state=0
10-06 16:30:31.366 27609 27667 I FocusProbe: diopters=1.8939394 af_state=2 lens_state=0
10-06 16:30:31.638 27609 27665 I FocusProbe: diopters=1.9920318 af_state=2 lens_state=0
10-06 16:30:31.904 27609 27667 I FocusProbe: diopters=2.4813895 af_state=2 lens_state=1
10-06 16:30:32.169 27609 27647 I FocusProbe: diopters=3.0487804 af_state=2 lens_state=1
10-06 16:30:32.444 27609 27667 I FocusProbe: diopters=3.7037036 af_state=2 lens_state=1
10-06 16:30:32.707 27609 27647 I FocusProbe: diopters=4.1841006 af_state=2 lens_state=1
10-06 16:30:32.966 27609 27665 I FocusProbe: diopters=5.0251255 af_state=2 lens_state=1
10-06 16:30:33.233 27609 27666 I FocusProbe: diopters=6.1349697 af_state=2 lens_state=1
10-06 16:30:33.512 27609 27647 I FocusProbe: diopters=6.9930067 af_state=2 lens_state=1
10-06 16:30:33.769 27609 27667 I FocusProbe: diopters=7.462687 af_state=2 lens_state=0
10-06 16:30:34.037 27609 27667 I FocusProbe: diopters=7.352941 af_state=2 lens_state=1
10-06 16:30:34.304 27609 27667 I FocusProbe: diopters=7.29927 af_state=2 lens_state=0
10-06 16:30:34.567 27609 27665 I FocusProbe: diopters=7.0921984 af_state=2 lens_state=1
10-06 16:30:34.834 27609 27647 I FocusProbe: diopters=6.756757 af_state=2 lens_state=0
10-06 16:30:35.097 27609 27665 I FocusProbe: diopters=6.756757 af_state=2 lens_state=0
10-06 16:30:35.365 27609 27665 I FocusProbe: diopters=6.6666665 af_state=1 lens_state=1
10-06 16:30:35.631 27609 27647 I FocusProbe: diopters=6.756757 af_state=2 lens_state=0
10-06 16:30:35.903 27609 27667 I FocusProbe: diopters=6.756757 af_state=2 lens_state=0
10-06 16:30:36.170 27609 27665 I FocusProbe: diopters=6.756757 af_state=2 lens_state=0
10-06 16:30:36.432 27609 27665 I FocusProbe: diopters=6.535948 af_state=1 lens_state=1
10-06 16:30:36.702 27609 27665 I FocusProbe: diopters=5.376344 af_state=2 lens_state=0
10-06 16:30:36.966 27609 27666 I FocusProbe: diopters=5.235602 af_state=1 lens_state=0
10-06 16:30:37.230 27609 27647 I FocusProbe: diopters=4.504504 af_state=2 lens_state=0
10-06 16:30:37.508 27609 27666 I FocusProbe: diopters=4.4247785 af_state=2 lens_state=0
10-06 16:30:37.766 27609 27665 I FocusProbe: diopters=4.4247785 af_state=2 lens_state=0
10-06 16:30:38.031 27609 27667 I FocusProbe: diopters=4.347826 af_state=1 lens_state=0
10-06 16:30:38.303 27609 27666 I FocusProbe: diopters=4.347826 af_state=2 lens_state=0
10-06 16:30:38.569 27609 27647 I FocusProbe: diopters=4.347826 af_state=2 lens_state=0
10-06 16:30:38.835 27609 27667 I FocusProbe: diopters=4.347826 af_state=2 lens_state=0
10-06 16:30:39.102 27609 27666 I FocusProbe: diopters=4.347826 af_state=2 lens_state=0
10-06 16:30:39.363 27609 27647 I FocusProbe: diopters=4.347826 af_state=2 lens_state=0
10-06 16:30:39.630 27609 27647 I FocusProbe: diopters=4.347826 af_state=2 lens_state=0
10-06 16:30:39.902 27609 27665 I FocusProbe: diopters=4.347826 af_state=2 lens_state=0
10-06 16:30:40.164 27609 27666 I FocusProbe: diopters=4.347826 af_state=2 lens_state=0
10-06 16:30:40.428 27609 27667 I FocusProbe: diopters=4.347826 af_state=2 lens_state=0
10-06 16:30:40.696 27609 27665 I FocusProbe: diopters=4.347826 af_state=2 lens_state=0
10-06 16:30:40.962 27609 27647 I FocusProbe: diopters=4.347826 af_state=2 lens_state=0
10-06 16:30:41.227 27609 27667 I FocusProbe: diopters=4.347826 af_state=2 lens_state=0
10-06 16:30:41.500 27609 27647 I FocusProbe: diopters=4.347826 af_state=2 lens_state=0
10-06 16:30:41.766 27609 27667 I FocusProbe: diopters=4.347826 af_state=2 lens_state=0
10-06 16:30:42.025 27609 27647 I FocusProbe: diopters=4.347826 af_state=2 lens_state=0
10-06 16:30:42.303 27609 27665 I FocusProbe: diopters=4.878049 af_state=2 lens_state=1
10-06 16:30:42.566 27609 27667 I FocusProbe: diopters=6.024096 af_state=2 lens_state=1
10-06 16:30:42.831 27609 27666 I FocusProbe: diopters=6.4935064 af_state=1 lens_state=0
10-06 16:30:43.102 27609 27665 I FocusProbe: diopters=7.0422535 af_state=1 lens_state=1
10-06 16:30:43.367 27609 27666 I FocusProbe: diopters=6.9930067 af_state=2 lens_state=0
10-06 16:30:43.634 27609 27667 I FocusProbe: diopters=6.9930067 af_state=2 lens_state=0
10-06 16:30:43.904 27609 27666 I FocusProbe: diopters=6.9930067 af_state=2 lens_state=0
10-06 16:30:44.167 27609 27647 I FocusProbe: diopters=6.9930067 af_state=2 lens_state=0
10-06 16:30:44.431 27609 27666 I FocusProbe: diopters=6.9930067 af_state=2 lens_state=0
10-06 16:30:44.695 27609 27666 I FocusProbe: diopters=6.9930067 af_state=2 lens_state=0
10-06 16:30:44.968 27609 27647 I FocusProbe: diopters=6.9930067 af_state=2 lens_state=0
10-06 16:30:45.231 27609 27666 I FocusProbe: diopters=6.6666665 af_state=2 lens_state=1
10-06 16:30:45.496 27609 27665 I FocusProbe: diopters=3.5971224 af_state=2 lens_state=0
10-06 16:30:45.759 27609 27665 I FocusProbe: diopters=3.2894738 af_state=2 lens_state=1
10-06 16:30:46.022 27609 27665 I FocusProbe: diopters=10.0 af_state=2 lens_state=0
10-06 16:30:46.293 27609 27647 I FocusProbe: diopters=10.0 af_state=2 lens_state=0
10-06 16:30:46.561 27609 27667 I FocusProbe: diopters=10.0 af_state=2 lens_state=0
10-06 16:30:46.819 27609 27667 I FocusProbe: diopters=10.0 af_state=2 lens_state=0
10-06 16:30:47.072 27609 27666 I FocusProbe: diopters=10.0 af_state=2 lens_state=0
10-06 16:30:47.338 27609 27667 I FocusProbe: diopters=10.0 af_state=2 lens_state=0
10-06 16:30:47.608 27609 27665 I FocusProbe: diopters=10.0 af_state=2 lens_state=0
10-06 16:30:47.874 27609 27665 I FocusProbe: diopters=10.0 af_state=1 lens_state=0
10-06 16:30:48.135 27609 27665 I FocusProbe: diopters=10.0 af_state=1 lens_state=0
10-06 16:30:48.400 27609 27667 I FocusProbe: diopters=10.0 af_state=1 lens_state=0
10-06 16:30:48.668 27609 27666 I FocusProbe: diopters=10.0 af_state=1 lens_state=0
10-06 16:30:48.936 27609 27665 I FocusProbe: diopters=7.5757575 af_state=1 lens_state=1
10-06 16:30:49.207 27609 27647 I FocusProbe: diopters=3.0487804 af_state=1 lens_state=1
10-06 16:30:49.471 27609 27667 I FocusProbe: diopters=0.20132877 af_state=6 lens_state=0
10-06 16:30:49.739 27609 27666 I FocusProbe: diopters=0.20132877 af_state=6 lens_state=0
10-06 16:30:50.001 27609 27667 I FocusProbe: diopters=0.20132877 af_state=6 lens_state=0
10-06 16:30:50.279 27609 27666 I FocusProbe: diopters=0.20132877 af_state=6 lens_state=0
10-06 16:30:50.545 27609 27665 I FocusProbe: diopters=0.20132877 af_state=6 lens_state=0
10-06 16:30:50.800 27609 27666 I FocusProbe: diopters=0.20132877 af_state=6 lens_state=0
10-06 16:30:51.073 27609 27647 I FocusProbe: diopters=0.20132877 af_state=6 lens_state=0
10-06 16:30:51.336 27609 27647 I FocusProbe: diopters=0.20132877 af_state=6 lens_state=0
10-06 16:30:51.601 27609 27665 I FocusProbe: diopters=0.20132877 af_state=6 lens_state=0
10-06 16:30:51.874 27609 27647 I FocusProbe: diopters=0.20132877 af_state=6 lens_state=0
10-06 16:30:52.138 27609 27667 I FocusProbe: diopters=0.20132877 af_state=6 lens_state=0
10-06 16:30:52.401 27609 27665 I FocusProbe: diopters=0.20132877 af_state=6 lens_state=0
10-06 16:30:52.669 27609 27666 I FocusProbe: diopters=0.20132877 af_state=6 lens_state=0
10-06 16:30:52.938 27609 27647 I FocusProbe: diopters=0.20132877 af_state=6 lens_state=0
10-06 16:30:53.202 27609 27667 I FocusProbe: diopters=0.20132877 af_state=6 lens_state=0
10-06 16:30:53.465 27609 27666 I FocusProbe: diopters=0.20132877 af_state=6 lens_state=0
10-06 16:30:53.728 27609 27667 I FocusProbe: diopters=0.20132877 af_state=6 lens_state=0
10-06 16:30:54.004 27609 27666 I FocusProbe: diopters=0.20132877 af_state=6 lens_state=0
10-06 16:30:54.268 27609 27666 I FocusProbe: diopters=0.20132877 af_state=6 lens_state=0
10-06 16:30:54.535 27609 27666 I FocusProbe: diopters=0.20132877 af_state=6 lens_state=0
10-06 16:30:54.810 27609 27647 I FocusProbe: diopters=0.20132877 af_state=6 lens_state=0
10-06 16:30:55.064 27609 27665 I FocusProbe: diopters=0.20132877 af_state=6 lens_state=0
10-06 16:30:55.336 27609 27647 I FocusProbe: diopters=0.20132877 af_state=6 lens_state=0
