hazard	Urtica dioica	Georgia	315487630	ok
hazard	Urtica dioica	Europe	406861592	ok
hazard	Urtica dioica	Asia	403816305	ok
hazard	Urtica dioica	Canada	386439213	ok
hazard	Urtica dioica	Georgia	166243947	ok
hazard	Urtica urens	Europe	406021658	ok
hazard	Urtica urens	Asia	343639399	ok
hazard	Urtica urens	Europe	404233735	ok
hazard	Urtica urens	Asia	206224938	ok
hazard	Laportea canadensis	Canada	405347202	ok
hazard	Laportea canadensis	Canada	401733986	ok
hazard	Laportea canadensis	Canada	394846225	ok
hazard	Laportea canadensis	Canada	377396623	ok
hazard	Heracleum mantegazzianum	Europe	394666960	ok
hazard	Heracleum mantegazzianum	Asia	297886850	ok
hazard	Heracleum mantegazzianum	Canada	279116226	ok
hazard	Heracleum mantegazzianum	Europe	382777466	ok
hazard	Heracleum mantegazzianum	Canada	244049383	ok
hazard	Heracleum sosnowskyi	Georgia	73610526	ok
hazard	Heracleum sosnowskyi	Europe	399994807	ok
hazard	Heracleum sosnowskyi	Asia	403821769	ok
hazard	Heracleum sosnowskyi	Europe	398333858	ok
hazard	Heracleum sosnowskyi	Asia	384070230	ok
hazard	Heracleum sphondylium	Europe	406995060	ok
hazard	Heracleum sphondylium	Europe	406784917	ok
hazard	Heracleum sphondylium	Europe	406609414	ok
hazard	Heracleum sphondylium	Europe	406190071	ok
hazard	Heracleum maximum	Asia	378351755	ok
hazard	Heracleum maximum	Canada	403171366	ok
hazard	Heracleum maximum	Asia	235310452	ok
hazard	Heracleum maximum	Canada	400644107	ok
hazard	Pastinaca sativa	Europe	406497686	ok
hazard	Pastinaca sativa	Asia	295403303	ok
hazard	Pastinaca sativa	Canada	387065358	ok
hazard	Pastinaca sativa	Europe	401246006	ok
hazard	Pastinaca sativa	Asia	248432727	ok
hazard	Euphorbia cyparissias	Europe	406587038	ok
hazard	Euphorbia cyparissias	Asia	119038818	ok
hazard	Euphorbia cyparissias	Canada	366424273	ok
hazard	Euphorbia cyparissias	Europe	406392683	ok
hazard	Euphorbia virgata	Georgia	369007998	ok
hazard	Euphorbia virgata	Europe	392907952	ok
hazard	Euphorbia virgata	Asia	221036587	ok
hazard	Euphorbia virgata	Canada	402628874	ok
hazard	Chelidonium majus	Georgia	169585329	ok
hazard	Chelidonium majus	Europe	407057708	ok
hazard	Chelidonium majus	Asia	360646683	ok
hazard	Chelidonium majus	Canada	403405927	ok
hazard	Ficus carica	Europe	406992462	ok
hazard	Ficus carica	Asia	322038044	ok
hazard	Ficus carica	Europe	404297181	ok
hazard	Ficus carica	Asia	312884329	ok
safe	Lamium album	Europe	406332622	ok
safe	Lamium album	Asia	289846028	ok
safe	Lamium purpureum	Europe	405740598	ok
safe	Lamium purpureum	Asia	352050799	ok
safe	Lamium maculatum	Europe	405464332	ok
safe	Lamium maculatum	Asia	35490267	ok
safe	Galeopsis tetrahit	Europe	401821027	ok
safe	Galeopsis tetrahit	Canada	401720229	ok
safe	Stachys sylvatica	Europe	402996235	ok
safe	Stachys sylvatica	Europe	402003964	ok
safe	Ballota nigra	Europe	406789771	ok
safe	Ballota nigra	Europe	406778039	ok
safe	Mentha longifolia	Europe	403932334	ok
safe	Mentha longifolia	Asia	86761758	ok
safe	Melissa officinalis	Europe	391358863	ok
safe	Melissa officinalis	Asia	282320818	ok
safe	Filipendula ulmaria	Europe	406407244	ok
safe	Filipendula ulmaria	Canada	307275447	ok
safe	Carum carvi	Europe	354310919	ok
safe	Carum carvi	Asia	291827465	ok
safe	Astrantia major	Europe	392839928	ok
safe	Astrantia major	Canada	174753554	ok
safe	Angelica atropurpurea	Canada	370753382	ok
safe	Angelica atropurpurea	Canada	362572431	ok
safe	Smyrnium olusatrum	Europe	405866823	ok
safe	Smyrnium olusatrum	Asia	5218204	ok
safe	Geranium robertianum	Europe	406315823	ok
safe	Geranium robertianum	Asia	403518727	ok
safe	Leucanthemum vulgare	Europe	394789161	ok
safe	Leucanthemum vulgare	Asia	319319567	ok
82 photos written to docs/results/day-4/hazard_gate/photos.csv
