2026-10-08: stderr of the calibration.py run that built calibration.photos.csv (iNat/Commons fetch counts)
  target Conoclinium coelestinum: 2 of 2 (97 candidates)
  target Callicarpa americana: 2 of 2 (97 candidates)
  target Liquidambar styraciflua: 2 of 2 (96 candidates)
  target Magnolia grandiflora: 2 of 2 (97 candidates)
  target Liriodendron tulipifera: 2 of 2 (97 candidates)
  target Polystichum acrostichoides: 2 of 2 (97 candidates)
  target Fagus grandifolia: 2 of 2 (97 candidates)
  target Erechtites hieraciifolius: 1 of 1 (97 candidates)
  target Ampelopsis glandulosa: 1 of 1 (95 candidates)
  target Diospyros virginiana: 1 of 1 (97 candidates)
  target Platanus occidentalis: 1 of 1 (95 candidates)
  target Vitis rotundifolia: 1 of 1 (94 candidates)
  target Pueraria montana: 1 of 1 (93 candidates)
  target Cercis canadensis: 1 of 1 (91 candidates)
  target Quercus nigra: 1 of 1 (97 candidates)
  target Albizia julibrissin: 1 of 1 (97 candidates)
  target Chimaphila maculata: 1 of 1 (97 candidates)
  target Rhus copallinum: 1 of 1 (97 candidates)
  target Ilex cornuta: 1 of 1 (97 candidates)
  target Solidago altissima: 1 of 1 (96 candidates)
  target Sassafras albidum: 1 of 1 (97 candidates)
  target Tipularia discolor: 1 of 1 (97 candidates)
  target Phyllanthus urinaria: 1 of 1 (97 candidates)
