# grouped 5-fold CV over TUNE toxic species, 500 repeats, seed 20261010; input tune.csv sha256 20553fde8122a7eb51d2c1da7270c40f38531a1f21b1d21487d2775ac7eed24b
| rule | TUNE tau | mean leaked toxic photos per pass | passes with a leak | median target pass at fold taus |
| --- | --- | --- | --- | --- |
| R0b baseline at TUNE boundary | 0.0480 | 1.21 | 100% | 50/99 |
| R1 ret+full mean | 0.0240 | 1.25 | 100% | 62/99 |
| R2 ret+full any | 0.0480 | 1.17 | 100% | 61/99 |
| R3 ret+full all | 0.0010 | 0.00 | 0% | 54/99 |
| R4 ret flip mean | 0.0360 | 1.26 | 100% | 53/99 |
| R5 ret+full+flips mean | 0.0350 | 1.17 | 100% | 58/99 |
| R6 multiscale 50-80 | 0.0280 | 1.19 | 100% | 56/99 |
| R7 multiscale+full | 0.0230 | 1.08 | 100% | 60/99 |
| R9 3-frame mean | 0.0400 | 1.23 | 100% | 52/99 |
| R10 5-crop mean | 0.0250 | 1.24 | 100% | 55/99 |
| R11 3-frame mean + full | 0.0290 | 1.22 | 100% | 56/99 |
| R12 3-frame+full+flip | 0.0310 | 1.24 | 100% | 54/99 |
| R13 relative gap | 0.8200 | 1.22 | 100% | 50/99 |
| R14 ret+full relative | 0.4900 | 1.23 | 100% | 62/99 |
| R17 drop wrong-sense flags | 0.0480 | 1.21 | 100% | 50/99 |
| R18 weak W1 -0.01 | 0.0480 | 1.21 | 100% | 52/99 |
| R19 ret+full weak W1 -0.01 | 0.0240 | 1.23 | 100% | 62/99 |
| R18 weak W2 -0.01 | 0.0510 | 1.22 | 100% | 50/99 |
| R19 ret+full weak W2 -0.01 | 0.0270 | 1.26 | 100% | 62/99 |
| R18 weak W1 -0.02 | 0.0480 | 1.19 | 100% | 52/99 |
| R19 ret+full weak W1 -0.02 | 0.0240 | 1.21 | 100% | 62/99 |
| R18 weak W2 -0.02 | 0.0510 | 1.21 | 100% | 53/99 |
| R19 ret+full weak W2 -0.02 | 0.0270 | 1.24 | 100% | 62/99 |
| R18 weak W1 -0.03 | 0.0480 | 1.25 | 100% | 53/99 |
| R19 ret+full weak W1 -0.03 | 0.0260 | 1.25 | 100% | 61/99 |
| R18 weak W2 -0.03 | 0.0510 | 1.21 | 100% | 53/99 |
| R19 ret+full weak W2 -0.03 | 0.0270 | 1.25 | 100% | 62/99 |
| R18 weak W1 -0.048 | 0.0480 | 1.21 | 100% | 53/99 |
| R19 ret+full weak W1 -0.048 | 0.0420 | 1.16 | 100% | 58/99 |
| R18 weak W2 -0.048 | 0.0510 | 1.25 | 100% | 55/99 |
| R19 ret+full weak W2 -0.048 | 0.0440 | 1.23 | 100% | 58/99 |
| R20 full only | 0.0050 | 1.18 | 100% | 60/99 |
| R21 ret+full 1:3 | 0.0010 | 0.00 | 0% | 67/99 |
| R22 ret+full 3:1 | 0.0350 | 1.18 | 100% | 54/99 |
| R23 ret+ret80+full | 0.0210 | 1.28 | 100% | 62/99 |
