  target Conoclinium coelestinum (iNat Conoclinium coelestinum): 3 of 3
  target Callicarpa americana (iNat Callicarpa americana): 3 of 3
  target Liquidambar styraciflua (iNat Liquidambar styraciflua): 3 of 3
  target Magnolia grandiflora (iNat Magnolia grandiflora): 3 of 3
  target Liriodendron tulipifera (iNat Liriodendron tulipifera): 3 of 3
  target Polystichum acrostichoides (iNat Polystichum acrostichoides): 3 of 3
  target Fagus grandifolia (iNat Fagus grandifolia): 3 of 3
  target Erechtites hieraciifolius (iNat Erechtites hieraciifolius): 3 of 3
  target Ampelopsis glandulosa (iNat Ampelopsis glandulosa): 3 of 3
  target Diospyros virginiana (iNat Diospyros virginiana): 3 of 3
  target Platanus occidentalis (iNat Platanus occidentalis): 3 of 3
  target Vitis rotundifolia (iNat Vitis rotundifolia): 3 of 3
  target Pueraria montana (iNat Pueraria montana): 3 of 3
  target Cercis canadensis (iNat Cercis canadensis): 3 of 3
  target Quercus nigra (iNat Quercus nigra): 3 of 3
  target Albizia julibrissin (iNat Albizia julibrissin): 3 of 3
  target Chimaphila maculata (iNat Chimaphila maculata): 3 of 3
  target Rhus copallinum (iNat Rhus copallinum): 3 of 3
  target Ilex cornuta (iNat Ilex cornuta): 3 of 3
  target Solidago altissima (iNat Solidago altissima): 3 of 3
  target Sassafras albidum (iNat Sassafras albidum): 3 of 3
  target Tipularia discolor (iNat Tipularia discolor): 3 of 3
  target Phyllanthus urinaria (iNat Phyllanthus urinaria): 3 of 3
  toxic Toxicodendron radicans (iNat Toxicodendron radicans): 8 of 8
  toxic Toxicodendron pubescens (iNat Toxicodendron pubescens): 2 of 2
  toxic Parthenocissus quinquefolia (iNat Parthenocissus quinquefolia): 4 of 4
  toxic Quercus alba (iNat Quercus alba): 3 of 3
  toxic Quercus stellata (iNat Quercus stellata): 3 of 3
  toxic Quercus marilandica (iNat Quercus marilandica): 3 of 3
  toxic Phytolacca americana (iNat Phytolacca americana): 4 of 4
  toxic Solanum carolinense (iNat Solanum carolinense): 4 of 4
  toxic Juglans nigra (iNat Juglans nigra): 3 of 3
  toxic Ampelopsis cordata (iNat Ampelopsis cordata): 2 of 2
  toxic Melothria pendula (iNat Melothria pendula): 2 of 2
  toxic Asimina triloba (iNat Asimina triloba): 2 of 2
  toxic Gleditsia triacanthos (iNat Gleditsia triacanthos): 2 of 2
  toxic Menispermum canadense (iNat Menispermum canadense): 2 of 2
  toxic Photinia serratifolia (iNat Photinia serratifolia): 2 of 2
  toxic Smallanthus uvedalia (iNat Smallanthus uvedalia): 2 of 2
  toxic Hedera helix (iNat Hedera helix): 2 of 2
  toxic Acer negundo (iNat Acer negundo): 3 of 3
  toxic Acer rubrum (iNat Acer rubrum): 3 of 3
  toxic Monotropa uniflora (iNat Monotropa uniflora): 2 of 2
